{
  "_version": "1.21.0",
  "sap.app": {
    "id": "supi.theTests",
    "type": "application",
    "i18n": {
      "bundleUrl": "i18n/i18n.properties",
      "supportedLocales": [
        ""
      ],
      "fallbackLocale": ""
    },
    "title": "{{appTitle}}",
    "description": "{{appDescription}}",
    "applicationVersion": {
      "version": "1.0.0"
    }
  },
  "sap.ui": {
    "technology": "UI5",
    "deviceTypes": {
      "desktop": true,
      "tablet": true,
      "phone": true
    }
  },
  "sap.ui5": {
    "dependencies": {
      "minUI5Version": "1.30.0",
      "libs": {
        "sap.ui.core": {},
        "sap.m": {},
        "sap.ui.integration": {
          "lazy": true
        },
        "sap.f": {},
        "sap.ui.layout": {
          "lazy": true
        },
        "sap.ui.codeeditor": {
          "lazy": true
        }
      }
    },
    "rootView": {
      "viewName": "supi.theTests.view.App",
      "type": "XML",
      "async": true,
      "id": "app"
    },
    "models": {
      "i18n": {
        "type": "sap.ui.model.resource.ResourceModel",
        "settings": {
          "bundleName": "supi.theTests.i18n.i18n",
          "supportedLocales": [
            ""
          ],
          "fallbackLocale": ""
        },
        "preload": true
      }
    }
  }
}